# serializer version: 1
# name: test_openapi_snapshot
  '''
  {
    "components": {
      "schemas": {
        "Agente": {
          "properties": {
            "agente": {
              "anyOf": [
                {
                  "type": "string"
                },
                {
                  "type": "null"
                }
              ],
              "title": "Agente"
            },
            "created_at": {
              "anyOf": [
                {
                  "format": "date-time",
                  "type": "string"
                },
                {
                  "type": "null"
                }
              ],
              "title": "Created At"
            },
            "enabled": {
              "default": true,
              "title": "Enabled",
              "type": "boolean"
            },
            "id": {
              "anyOf": [
                {
                  "type": "integer"
                },
                {
                  "type": "null"
                }
              ],
              "title": "Id"
            },
            "region_id": {
              "anyOf": [
                {
                  "type": "integer"
                },
                {
                  "type": "null"
                }
              ],
              "title": "Region Id"
            },
            "updated_at": {
              "anyOf": [
                {
                  "format": "date-time",
                  "type": "string"
                },
                {
                  "type": "null"
                }
              ],
              "title": "Updated At"
            }
          },
          "title": "Agente",
          "type": "object"
        },
        "HTTPValidationError": {
          "properties": {
            "detail": {
              "items": {
                "$ref": "#/components/schemas/ValidationError"
              },
              "title": "Detail",
              "type": "array"
            }
          },
          "title": "HTTPValidationError",
          "type": "object"
        },
        "Membership": {
          "properties": {
            "code": {
              "anyOf": [
                {
                  "type": "string"
                },
                {
                  "type": "null"
                }
              ],
              "title": "Code"
            },
            "created_at": {
              "anyOf": [
                {
                  "format": "date-time",
                  "type": "string"
                },
                {
                  "type": "null"
                }
              ],
              "title": "Created At"
            },
            "enabled": {
              "default": true,
              "title": "Enabled",
              "type": "boolean"
            },
            "id": {
              "anyOf": [
                {
                  "type": "integer"
                },
                {
                  "type": "null"
                }
              ],
              "title": "Id"
            },
            "role": {
              "anyOf": [
                {
                  "type": "string"
                },
                {
                  "type": "null"
                }
              ],
              "title": "Role"
            },
            "tenant_id": {
              "anyOf": [
                {
                  "type": "integer"
                },
                {
                  "type": "null"
                }
              ],
              "title": "Tenant Id"
            },
            "updated_at": {
              "anyOf": [
                {
                  "format": "date-time",
                  "type": "string"
                },
                {
                  "type": "null"
                }
              ],
              "title": "Updated At"
            }
          },
          "title": "Membership",
          "type": "object"
        },
        "Records": {
          "description": "Resultado paginado de una consulta (DTO con metadatos).",
          "properties": {
            "limit": {
              "default": 0,
              "title": "Limit",
              "type": "integer"
            },
            "page": {
              "default": 1,
              "title": "Page",
              "type": "integer"
            },
            "rows": {
              "items": {},
              "title": "Rows",
              "type": "array"
            },
            "total": {
              "default": 0,
              "title": "Total",
              "type": "integer"
            }
          },
          "title": "Records",
          "type": "object"
        },
        "Region": {
          "properties": {
            "created_at": {
              "anyOf": [
                {
                  "format": "date-time",
                  "type": "string"
                },
                {
                  "type": "null"
                }
              ],
              "title": "Created At"
            },
            "enabled": {
              "default": true,
              "title": "Enabled",
              "type": "boolean"
            },
            "id": {
              "anyOf": [
                {
                  "type": "integer"
                },
                {
                  "type": "null"
                }
              ],
              "title": "Id"
            },
            "region": {
              "anyOf": [
                {
                  "type": "string"
                },
                {
                  "type": "null"
                }
              ],
              "title": "Region"
            },
            "updated_at": {
              "anyOf": [
                {
                  "format": "date-time",
                  "type": "string"
                },
                {
                  "type": "null"
                }
              ],
              "title": "Updated At"
            }
          },
          "title": "Region",
          "type": "object"
        },
        "ValidationError": {
          "properties": {
            "ctx": {
              "title": "Context",
              "type": "object"
            },
            "input": {
              "title": "Input"
            },
            "loc": {
              "items": {
                "anyOf": [
                  {
                    "type": "string"
                  },
                  {
                    "type": "integer"
                  }
                ]
              },
              "title": "Location",
              "type": "array"
            },
            "msg": {
              "title": "Message",
              "type": "string"
            },
            "type": {
              "title": "Error Type",
              "type": "string"
            }
          },
          "required": [
            "loc",
            "msg",
            "type"
          ],
          "title": "ValidationError",
          "type": "object"
        }
      }
    },
    "info": {
      "title": "FastAPI",
      "version": "0.1.0"
    },
    "openapi": "3.1.0",
    "paths": {
      "/api/agentes/": {
        "get": {
          "operationId": "list__api_agentes__get",
          "parameters": [
            {
              "in": "query",
              "name": "limit",
              "required": false,
              "schema": {
                "default": 50,
                "maximum": 1000,
                "minimum": 1,
                "title": "Limit",
                "type": "integer"
              }
            },
            {
              "in": "query",
              "name": "page",
              "required": false,
              "schema": {
                "default": 1,
                "minimum": 1,
                "title": "Page",
                "type": "integer"
              }
            },
            {
              "in": "query",
              "name": "sort_by",
              "required": false,
              "schema": {
                "default": "",
                "title": "Sort By",
                "type": "string"
              }
            },
            {
              "in": "query",
              "name": "filter",
              "required": false,
              "schema": {
                "default": "",
                "title": "Filter",
                "type": "string"
              }
            }
          ],
          "responses": {
            "200": {
              "content": {
                "application/json": {
                  "schema": {
                    "$ref": "#/components/schemas/Records"
                  }
                }
              },
              "description": "Successful Response"
            },
            "422": {
              "content": {
                "application/json": {
                  "schema": {
                    "$ref": "#/components/schemas/HTTPValidationError"
                  }
                }
              },
              "description": "Validation Error"
            }
          },
          "summary": "List ",
          "tags": [
            "Model"
          ]
        },
        "post": {
          "operationId": "create_api_agentes__post",
          "requestBody": {
            "content": {
              "application/json": {
                "schema": {
                  "$ref": "#/components/schemas/Agente"
                }
              }
            },
            "required": true
          },
          "responses": {
            "201": {
              "content": {
                "application/json": {
                  "schema": {
                    "$ref": "#/components/schemas/Agente"
                  }
                }
              },
              "description": "Successful Response"
            },
            "422": {
              "content": {
                "application/json": {
                  "schema": {
                    "$ref": "#/components/schemas/HTTPValidationError"
                  }
                }
              },
              "description": "Validation Error"
            }
          },
          "summary": "Create",
          "tags": [
            "Model"
          ]
        }
      },
      "/api/agentes/{id}": {
        "delete": {
          "operationId": "handler_api_agentes__id__delete",
          "parameters": [
            {
              "in": "path",
              "name": "id",
              "required": true,
              "schema": {
                "title": "Id",
                "type": "integer"
              }
            },
            {
              "in": "query",
              "name": "physical",
              "required": false,
              "schema": {
                "default": false,
                "title": "Physical",
                "type": "boolean"
              }
            }
          ],
          "responses": {
            "200": {
              "content": {
                "application/json": {
                  "schema": {}
                }
              },
              "description": "Successful Response"
            },
            "422": {
              "content": {
                "application/json": {
                  "schema": {
                    "$ref": "#/components/schemas/HTTPValidationError"
                  }
                }
              },
              "description": "Validation Error"
            }
          },
          "summary": "Handler",
          "tags": [
            "Model"
          ]
        },
        "get": {
          "operationId": "handler_api_agentes__id__get",
          "parameters": [
            {
              "in": "path",
              "name": "id",
              "required": true,
              "schema": {
                "title": "Id",
                "type": "integer"
              }
            }
          ],
          "responses": {
            "200": {
              "content": {
                "application/json": {
                  "schema": {
                    "$ref": "#/components/schemas/Agente"
                  }
                }
              },
              "description": "Successful Response"
            },
            "422": {
              "content": {
                "application/json": {
                  "schema": {
                    "$ref": "#/components/schemas/HTTPValidationError"
                  }
                }
              },
              "description": "Validation Error"
            }
          },
          "summary": "Handler",
          "tags": [
            "Model"
          ]
        },
        "put": {
          "operationId": "handler_api_agentes__id__put",
          "parameters": [
            {
              "in": "path",
              "name": "id",
              "required": true,
              "schema": {
                "title": "Id",
                "type": "integer"
              }
            }
          ],
          "requestBody": {
            "content": {
              "application/json": {
                "schema": {
                  "$ref": "#/components/schemas/Agente"
                }
              }
            },
            "required": true
          },
          "responses": {
            "200": {
              "content": {
                "application/json": {
                  "schema": {
                    "$ref": "#/components/schemas/Agente"
                  }
                }
              },
              "description": "Successful Response"
            },
            "422": {
              "content": {
                "application/json": {
                  "schema": {
                    "$ref": "#/components/schemas/HTTPValidationError"
                  }
                }
              },
              "description": "Validation Error"
            }
          },
          "summary": "Handler",
          "tags": [
            "Model"
          ]
        }
      },
      "/api/memberships/": {
        "get": {
          "operationId": "list__api_memberships__get",
          "parameters": [
            {
              "in": "query",
              "name": "limit",
              "required": false,
              "schema": {
                "default": 50,
                "maximum": 1000,
                "minimum": 1,
                "title": "Limit",
                "type": "integer"
              }
            },
            {
              "in": "query",
              "name": "page",
              "required": false,
              "schema": {
                "default": 1,
                "minimum": 1,
                "title": "Page",
                "type": "integer"
              }
            },
            {
              "in": "query",
              "name": "sort_by",
              "required": false,
              "schema": {
                "default": "",
                "title": "Sort By",
                "type": "string"
              }
            },
            {
              "in": "query",
              "name": "filter",
              "required": false,
              "schema": {
                "default": "",
                "title": "Filter",
                "type": "string"
              }
            }
          ],
          "responses": {
            "200": {
              "content": {
                "application/json": {
                  "schema": {
                    "$ref": "#/components/schemas/Records"
                  }
                }
              },
              "description": "Successful Response"
            },
            "422": {
              "content": {
                "application/json": {
                  "schema": {
                    "$ref": "#/components/schemas/HTTPValidationError"
                  }
                }
              },
              "description": "Validation Error"
            }
          },
          "summary": "List ",
          "tags": [
            "Model"
          ]
        },
        "post": {
          "operationId": "create_api_memberships__post",
          "requestBody": {
            "content": {
              "application/json": {
                "schema": {
                  "$ref": "#/components/schemas/Membership"
                }
              }
            },
            "required": true
          },
          "responses": {
            "201": {
              "content": {
                "application/json": {
                  "schema": {
                    "$ref": "#/components/schemas/Membership"
                  }
                }
              },
              "description": "Successful Response"
            },
            "422": {
              "content": {
                "application/json": {
                  "schema": {
                    "$ref": "#/components/schemas/HTTPValidationError"
                  }
                }
              },
              "description": "Validation Error"
            }
          },
          "summary": "Create",
          "tags": [
            "Model"
          ]
        }
      },
      "/api/memberships/{tenant_id}/{code}": {
        "delete": {
          "operationId": "handler_api_memberships__tenant_id___code__delete",
          "parameters": [
            {
              "in": "path",
              "name": "tenant_id",
              "required": true,
              "schema": {
                "title": "Tenant Id",
                "type": "integer"
              }
            },
            {
              "in": "path",
              "name": "code",
              "required": true,
              "schema": {
                "title": "Code",
                "type": "string"
              }
            },
            {
              "in": "query",
              "name": "physical",
              "required": false,
              "schema": {
                "default": false,
                "title": "Physical",
                "type": "boolean"
              }
            }
          ],
          "responses": {
            "200": {
              "content": {
                "application/json": {
                  "schema": {}
                }
              },
              "description": "Successful Response"
            },
            "422": {
              "content": {
                "application/json": {
                  "schema": {
                    "$ref": "#/components/schemas/HTTPValidationError"
                  }
                }
              },
              "description": "Validation Error"
            }
          },
          "summary": "Handler",
          "tags": [
            "Model"
          ]
        },
        "get": {
          "operationId": "handler_api_memberships__tenant_id___code__get",
          "parameters": [
            {
              "in": "path",
              "name": "tenant_id",
              "required": true,
              "schema": {
                "title": "Tenant Id",
                "type": "integer"
              }
            },
            {
              "in": "path",
              "name": "code",
              "required": true,
              "schema": {
                "title": "Code",
                "type": "string"
              }
            }
          ],
          "responses": {
            "200": {
              "content": {
                "application/json": {
                  "schema": {
                    "$ref": "#/components/schemas/Membership"
                  }
                }
              },
              "description": "Successful Response"
            },
            "422": {
              "content": {
                "application/json": {
                  "schema": {
                    "$ref": "#/components/schemas/HTTPValidationError"
                  }
                }
              },
              "description": "Validation Error"
            }
          },
          "summary": "Handler",
          "tags": [
            "Model"
          ]
        },
        "put": {
          "operationId": "handler_api_memberships__tenant_id___code__put",
          "parameters": [
            {
              "in": "path",
              "name": "tenant_id",
              "required": true,
              "schema": {
                "title": "Tenant Id",
                "type": "integer"
              }
            },
            {
              "in": "path",
              "name": "code",
              "required": true,
              "schema": {
                "title": "Code",
                "type": "string"
              }
            }
          ],
          "requestBody": {
            "content": {
              "application/json": {
                "schema": {
                  "$ref": "#/components/schemas/Membership"
                }
              }
            },
            "required": true
          },
          "responses": {
            "200": {
              "content": {
                "application/json": {
                  "schema": {
                    "$ref": "#/components/schemas/Membership"
                  }
                }
              },
              "description": "Successful Response"
            },
            "422": {
              "content": {
                "application/json": {
                  "schema": {
                    "$ref": "#/components/schemas/HTTPValidationError"
                  }
                }
              },
              "description": "Validation Error"
            }
          },
          "summary": "Handler",
          "tags": [
            "Model"
          ]
        }
      },
      "/api/models": {
        "get": {
          "operationId": "models_api_models_get",
          "responses": {
            "200": {
              "content": {
                "application/json": {
                  "schema": {}
                }
              },
              "description": "Successful Response"
            }
          },
          "summary": "Models",
          "tags": [
            "Model"
          ]
        }
      },
      "/api/models/{name}": {
        "get": {
          "operationId": "model_schema_api_models__name__get",
          "parameters": [
            {
              "in": "path",
              "name": "name",
              "required": true,
              "schema": {
                "title": "Name",
                "type": "string"
              }
            }
          ],
          "responses": {
            "200": {
              "content": {
                "application/json": {
                  "schema": {}
                }
              },
              "description": "Successful Response"
            },
            "422": {
              "content": {
                "application/json": {
                  "schema": {
                    "$ref": "#/components/schemas/HTTPValidationError"
                  }
                }
              },
              "description": "Validation Error"
            }
          },
          "summary": "Model Schema",
          "tags": [
            "Model"
          ]
        }
      },
      "/api/regiones/": {
        "get": {
          "operationId": "list__api_regiones__get",
          "parameters": [
            {
              "in": "query",
              "name": "limit",
              "required": false,
              "schema": {
                "default": 50,
                "maximum": 1000,
                "minimum": 1,
                "title": "Limit",
                "type": "integer"
              }
            },
            {
              "in": "query",
              "name": "page",
              "required": false,
              "schema": {
                "default": 1,
                "minimum": 1,
                "title": "Page",
                "type": "integer"
              }
            },
            {
              "in": "query",
              "name": "sort_by",
              "required": false,
              "schema": {
                "default": "",
                "title": "Sort By",
                "type": "string"
              }
            },
            {
              "in": "query",
              "name": "filter",
              "required": false,
              "schema": {
                "default": "",
                "title": "Filter",
                "type": "string"
              }
            }
          ],
          "responses": {
            "200": {
              "content": {
                "application/json": {
                  "schema": {
                    "$ref": "#/components/schemas/Records"
                  }
                }
              },
              "description": "Successful Response"
            },
            "422": {
              "content": {
                "application/json": {
                  "schema": {
                    "$ref": "#/components/schemas/HTTPValidationError"
                  }
                }
              },
              "description": "Validation Error"
            }
          },
          "summary": "List ",
          "tags": [
            "Model"
          ]
        },
        "post": {
          "operationId": "create_api_regiones__post",
          "requestBody": {
            "content": {
              "application/json": {
                "schema": {
                  "$ref": "#/components/schemas/Region"
                }
              }
            },
            "required": true
          },
          "responses": {
            "201": {
              "content": {
                "application/json": {
                  "schema": {
                    "$ref": "#/components/schemas/Region"
                  }
                }
              },
              "description": "Successful Response"
            },
            "422": {
              "content": {
                "application/json": {
                  "schema": {
                    "$ref": "#/components/schemas/HTTPValidationError"
                  }
                }
              },
              "description": "Validation Error"
            }
          },
          "summary": "Create",
          "tags": [
            "Model"
          ]
        }
      },
      "/api/regiones/{id}": {
        "delete": {
          "operationId": "handler_api_regiones__id__delete",
          "parameters": [
            {
              "in": "path",
              "name": "id",
              "required": true,
              "schema": {
                "title": "Id",
                "type": "integer"
              }
            },
            {
              "in": "query",
              "name": "physical",
              "required": false,
              "schema": {
                "default": false,
                "title": "Physical",
                "type": "boolean"
              }
            }
          ],
          "responses": {
            "200": {
              "content": {
                "application/json": {
                  "schema": {}
                }
              },
              "description": "Successful Response"
            },
            "422": {
              "content": {
                "application/json": {
                  "schema": {
                    "$ref": "#/components/schemas/HTTPValidationError"
                  }
                }
              },
              "description": "Validation Error"
            }
          },
          "summary": "Handler",
          "tags": [
            "Model"
          ]
        },
        "get": {
          "operationId": "handler_api_regiones__id__get",
          "parameters": [
            {
              "in": "path",
              "name": "id",
              "required": true,
              "schema": {
                "title": "Id",
                "type": "integer"
              }
            }
          ],
          "responses": {
            "200": {
              "content": {
                "application/json": {
                  "schema": {
                    "$ref": "#/components/schemas/Region"
                  }
                }
              },
              "description": "Successful Response"
            },
            "422": {
              "content": {
                "application/json": {
                  "schema": {
                    "$ref": "#/components/schemas/HTTPValidationError"
                  }
                }
              },
              "description": "Validation Error"
            }
          },
          "summary": "Handler",
          "tags": [
            "Model"
          ]
        },
        "put": {
          "operationId": "handler_api_regiones__id__put",
          "parameters": [
            {
              "in": "path",
              "name": "id",
              "required": true,
              "schema": {
                "title": "Id",
                "type": "integer"
              }
            }
          ],
          "requestBody": {
            "content": {
              "application/json": {
                "schema": {
                  "$ref": "#/components/schemas/Region"
                }
              }
            },
            "required": true
          },
          "responses": {
            "200": {
              "content": {
                "application/json": {
                  "schema": {
                    "$ref": "#/components/schemas/Region"
                  }
                }
              },
              "description": "Successful Response"
            },
            "422": {
              "content": {
                "application/json": {
                  "schema": {
                    "$ref": "#/components/schemas/HTTPValidationError"
                  }
                }
              },
              "description": "Validation Error"
            }
          },
          "summary": "Handler",
          "tags": [
            "Model"
          ]
        }
      }
    }
  }
  '''
# ---
